/home/user/development/mipt2025s-4-konev-s-a/task06/data/1_truth.txt
/home/user/development/mipt2025s-4-konev-s-a/task06/data/2_truth.txt
/home/user/development/mipt2025s-4-konev-s-a/task06/data/3_truth.txt
/home/user/development/mipt2025s-4-konev-s-a/task06/data/4_truth.txt
/home/user/development/mipt2025s-4-konev-s-a/task06/data/5_truth.txt
/home/user/development/mipt2025s-4-konev-s-a/task06/data/6_truth.txt
/home/user/development/mipt2025s-4-konev-s-a/task06/data/7_truth.txt
/home/user/development/mipt2025s-4-konev-s-a/task06/data/8_truth.txt
/home/user/development/mipt2025s-4-konev-s-a/task06/data/9_truth.txt
/home/user/development/mipt2025s-4-konev-s-a/task06/data/10_truth.txt
/home/user/development/mipt2025s-4-konev-s-a/task06/data/11_truth.txt
/home/user/development/mipt2025s-4-konev-s-a/task06/data/12_truth.txt
/home/user/development/mipt2025s-4-konev-s-a/task06/data/13_truth.txt
/home/user/development/mipt2025s-4-konev-s-a/task06/data/14_truth.txt
/home/user/development/mipt2025s-4-konev-s-a/task06/data/15_truth.txt
/home/user/development/mipt2025s-4-konev-s-a/task06/data/16_truth.txt
/home/user/development/mipt2025s-4-konev-s-a/task06/data/17_truth.txt
/home/user/development/mipt2025s-4-konev-s-a/task06/data/18_truth.txt
/home/user/development/mipt2025s-4-konev-s-a/task06/data/19_truth.txt
/home/user/development/mipt2025s-4-konev-s-a/task06/data/20_truth.txt
/home/user/development/mipt2025s-4-konev-s-a/task06/data/21_truth.txt
/home/user/development/mipt2025s-4-konev-s-a/task06/data/22_truth.txt
/home/user/development/mipt2025s-4-konev-s-a/task06/data/23_truth.txt
/home/user/development/mipt2025s-4-konev-s-a/task06/data/24_truth.txt
/home/user/development/mipt2025s-4-konev-s-a/task06/data/25_truth.txt
/home/user/development/mipt2025s-4-konev-s-a/task06/data/26_truth.txt
/home/user/development/mipt2025s-4-konev-s-a/task06/data/27_truth.txt
/home/user/development/mipt2025s-4-konev-s-a/task06/data/28_truth.txt
/home/user/development/mipt2025s-4-konev-s-a/task06/data/29_truth.txt
/home/user/development/mipt2025s-4-konev-s-a/task06/data/30_truth.txt
/home/user/development/mipt2025s-4-konev-s-a/task06/data/31_truth.txt
/home/user/development/mipt2025s-4-konev-s-a/task06/data/32_truth.txt
/home/user/development/mipt2025s-4-konev-s-a/task06/data/33_truth.txt
/home/user/development/mipt2025s-4-konev-s-a/task06/data/34_truth.txt
/home/user/development/mipt2025s-4-konev-s-a/task06/data/35_truth.txt
/home/user/development/mipt2025s-4-konev-s-a/task06/data/36_truth.txt
/home/user/development/mipt2025s-4-konev-s-a/task06/data/37_truth.txt
/home/user/development/mipt2025s-4-konev-s-a/task06/data/38_truth.txt
/home/user/development/mipt2025s-4-konev-s-a/task06/data/39_truth.txt
/home/user/development/mipt2025s-4-konev-s-a/task06/data/40_truth.txt
